[    0s] fetching https://www.duolingo.com
[    1s] scraped 471 chars
[    1s] building brand profile
[   12s] choosing format
Traceback (most recent call last):
  File "C:\Users\Qais\hardlaunch-task\make.py", line 241, in <module>
    main()
    ~~~~^^
  File "C:\Users\Qais\hardlaunch-task\make.py", line 191, in main
    fmt = extract_json(call(client, taste, read(PROMPTS / "format_select.md").replace("{profile}", profile_s), effort="low"))
  File "C:\Users\Qais\hardlaunch-task\generate.py", line 55, in extract_json
    return json.loads(text)
           ~~~~~~~~~~^^^^^^
  File "C:\Users\Qais\anaconda3\Lib\json\__init__.py", line 346, in loads
    return _default_decoder.decode(s)
           ~~~~~~~~~~~~~~~~~~~~~~~^^^
  File "C:\Users\Qais\anaconda3\Lib\json\decoder.py", line 345, in decode
    obj, end = self.raw_decode(s, idx=_w(s, 0).end())
               ~~~~~~~~~~~~~~~^^^^^^^^^^^^^^^^^^^^^^^
  File "C:\Users\Qais\anaconda3\Lib\json\decoder.py", line 361, in raw_decode
    obj, end = self.scan_once(s, idx)
               ~~~~~~~~~~~~~~^^^^^^^^
json.decoder.JSONDecodeError: Expecting ',' delimiter: line 1 column 412 (char 411)
